PHPUnit 12.5.23 by Sebastian Bergmann and contributors.

Runtime:       PHP 8.4.11
Configuration: /home/abdel-rhman/Documents/Projects/Playstation/phpunit.xml

[31;1mE[0m                                                                   1 / 1 (100%)

Time: 00:00.283, Memory: 42.50 MB

There was 1 error:

1) Tests\Feature\SessionPaymentWorkflowTest::test_full_session_payment_workflow
Illuminate\Database\QueryException: could not find driver (Connection: sqlite, Database: :memory:, SQL: select exists (select 1 from "main".sqlite_master where name = 'migrations' and type = 'table') as "exists")

/home/abdel-rhman/Documents/Projects/Playstation/vendor/laravel/framework/src/Illuminate/Database/Connection.php:841
/home/abdel-rhman/Documents/Projects/Playstation/vendor/laravel/framework/src/Illuminate/Database/Connection.php:797
/home/abdel-rhman/Documents/Projects/Playstation/vendor/laravel/framework/src/Illuminate/Database/Connection.php:412
/home/abdel-rhman/Documents/Projects/Playstation/vendor/laravel/framework/src/Illuminate/Database/Connection.php:357
/home/abdel-rhman/Documents/Projects/Playstation/vendor/laravel/framework/src/Illuminate/Database/Connection.php:374
/home/abdel-rhman/Documents/Projects/Playstation/vendor/laravel/framework/src/Illuminate/Database/Schema/Builder.php:176
/home/abdel-rhman/Documents/Projects/Playstation/vendor/laravel/framework/src/Illuminate/Database/Migrations/DatabaseMigrationRepository.php:185
/home/abdel-rhman/Documents/Projects/Playstation/vendor/laravel/framework/src/Illuminate/Database/Migrations/Migrator.php:758
/home/abdel-rhman/Documents/Projects/Playstation/vendor/laravel/framework/src/Illuminate/Database/Console/Migrations/MigrateCommand.php:166
/home/abdel-rhman/Documents/Projects/Playstation/vendor/laravel/framework/src/Illuminate/Support/helpers.php:328
/home/abdel-rhman/Documents/Projects/Playstation/vendor/laravel/framework/src/Illuminate/Database/Console/Migrations/MigrateCommand.php:166
/home/abdel-rhman/Documents/Projects/Playstation/vendor/laravel/framework/src/Illuminate/Database/Console/Migrations/MigrateCommand.php:142
/home/abdel-rhman/Documents/Projects/Playstation/vendor/laravel/framework/src/Illuminate/Database/Console/Migrations/MigrateCommand.php:112
/home/abdel-rhman/Documents/Projects/Playstation/vendor/laravel/framework/src/Illuminate/Database/Migrations/Migrator.php:671
/home/abdel-rhman/Documents/Projects/Playstation/vendor/laravel/framework/src/Illuminate/Database/Console/Migrations/MigrateCommand.php:111
/home/abdel-rhman/Documents/Projects/Playstation/vendor/laravel/framework/src/Illuminate/Database/Console/Migrations/MigrateCommand.php:90
/home/abdel-rhman/Documents/Projects/Playstation/vendor/laravel/framework/src/Illuminate/Container/BoundMethod.php:36
/home/abdel-rhman/Documents/Projects/Playstation/vendor/laravel/framework/src/Illuminate/Container/Util.php:43
/home/abdel-rhman/Documents/Projects/Playstation/vendor/laravel/framework/src/Illuminate/Container/BoundMethod.php:96
/home/abdel-rhman/Documents/Projects/Playstation/vendor/laravel/framework/src/Illuminate/Container/BoundMethod.php:35
/home/abdel-rhman/Documents/Projects/Playstation/vendor/laravel/framework/src/Illuminate/Container/Container.php:799
/home/abdel-rhman/Documents/Projects/Playstation/vendor/laravel/framework/src/Illuminate/Console/Command.php:280
/home/abdel-rhman/Documents/Projects/Playstation/vendor/symfony/console/Command/Command.php:291
/home/abdel-rhman/Documents/Projects/Playstation/vendor/laravel/framework/src/Illuminate/Console/Command.php:249
/home/abdel-rhman/Documents/Projects/Playstation/vendor/laravel/framework/src/Illuminate/Console/Concerns/CallsCommands.php:68
/home/abdel-rhman/Documents/Projects/Playstation/vendor/laravel/framework/src/Illuminate/Console/Concerns/CallsCommands.php:29
/home/abdel-rhman/Documents/Projects/Playstation/vendor/laravel/framework/src/Illuminate/Database/Console/Migrations/FreshCommand.php:88
/home/abdel-rhman/Documents/Projects/Playstation/vendor/laravel/framework/src/Illuminate/Container/BoundMethod.php:36
/home/abdel-rhman/Documents/Projects/Playstation/vendor/laravel/framework/src/Illuminate/Container/Util.php:43
/home/abdel-rhman/Documents/Projects/Playstation/vendor/laravel/framework/src/Illuminate/Container/BoundMethod.php:96
/home/abdel-rhman/Documents/Projects/Playstation/vendor/laravel/framework/src/Illuminate/Container/BoundMethod.php:35
/home/abdel-rhman/Documents/Projects/Playstation/vendor/laravel/framework/src/Illuminate/Container/Container.php:799
/home/abdel-rhman/Documents/Projects/Playstation/vendor/laravel/framework/src/Illuminate/Console/Command.php:280
/home/abdel-rhman/Documents/Projects/Playstation/vendor/symfony/console/Command/Command.php:291
/home/abdel-rhman/Documents/Projects/Playstation/vendor/laravel/framework/src/Illuminate/Console/Command.php:249
/home/abdel-rhman/Documents/Projects/Playstation/vendor/symfony/console/Application.php:1084
/home/abdel-rhman/Documents/Projects/Playstation/vendor/symfony/console/Application.php:356
/home/abdel-rhman/Documents/Projects/Playstation/vendor/symfony/console/Application.php:195
/home/abdel-rhman/Documents/Projects/Playstation/vendor/laravel/framework/src/Illuminate/Console/Application.php:165
/home/abdel-rhman/Documents/Projects/Playstation/vendor/laravel/framework/src/Illuminate/Foundation/Console/Kernel.php:447
/home/abdel-rhman/Documents/Projects/Playstation/vendor/laravel/framework/src/Illuminate/Testing/PendingCommand.php:451
/home/abdel-rhman/Documents/Projects/Playstation/vendor/laravel/framework/src/Illuminate/Testing/PendingCommand.php:675
/home/abdel-rhman/Documents/Projects/Playstation/vendor/laravel/framework/src/Illuminate/Foundation/Testing/Concerns/InteractsWithConsole.php:87
/home/abdel-rhman/Documents/Projects/Playstation/vendor/laravel/framework/src/Illuminate/Foundation/Testing/RefreshDatabase.php:119
/home/abdel-rhman/Documents/Projects/Playstation/vendor/laravel/framework/src/Illuminate/Foundation/Testing/RefreshDatabase.php:84
/home/abdel-rhman/Documents/Projects/Playstation/vendor/laravel/framework/src/Illuminate/Foundation/Testing/RefreshDatabase.php:25
/home/abdel-rhman/Documents/Projects/Playstation/vendor/laravel/framework/src/Illuminate/Foundation/Testing/Concerns/InteractsWithTestCaseLifecycle.php:225
/home/abdel-rhman/Documents/Projects/Playstation/vendor/laravel/framework/src/Illuminate/Foundation/Testing/Concerns/InteractsWithTestCaseLifecycle.php:105
/home/abdel-rhman/Documents/Projects/Playstation/vendor/laravel/framework/src/Illuminate/Foundation/Testing/TestCase.php:75
/home/abdel-rhman/Documents/Projects/Playstation/tests/Feature/SessionPaymentWorkflowTest.php:24

Caused by
PDOException: could not find driver

/home/abdel-rhman/Documents/Projects/Playstation/vendor/laravel/framework/src/Illuminate/Database/Connectors/Connector.php:67
/home/abdel-rhman/Documents/Projects/Playstation/vendor/laravel/framework/src/Illuminate/Database/Connectors/Connector.php:44
/home/abdel-rhman/Documents/Projects/Playstation/vendor/laravel/framework/src/Illuminate/Database/Connectors/SQLiteConnector.php:21
/home/abdel-rhman/Documents/Projects/Playstation/vendor/laravel/framework/src/Illuminate/Database/Connectors/ConnectionFactory.php:227
/home/abdel-rhman/Documents/Projects/Playstation/vendor/laravel/framework/src/Illuminate/Database/Connection.php:1279
/home/abdel-rhman/Documents/Projects/Playstation/vendor/laravel/framework/src/Illuminate/Database/Connection.php:1317
/home/abdel-rhman/Documents/Projects/Playstation/vendor/laravel/framework/src/Illuminate/Database/Connection.php:528
/home/abdel-rhman/Documents/Projects/Playstation/vendor/laravel/framework/src/Illuminate/Database/Connection.php:421
/home/abdel-rhman/Documents/Projects/Playstation/vendor/laravel/framework/src/Illuminate/Database/Connection.php:830
/home/abdel-rhman/Documents/Projects/Playstation/vendor/laravel/framework/src/Illuminate/Database/Connection.php:797
/home/abdel-rhman/Documents/Projects/Playstation/vendor/laravel/framework/src/Illuminate/Database/Connection.php:412
/home/abdel-rhman/Documents/Projects/Playstation/vendor/laravel/framework/src/Illuminate/Database/Connection.php:357
/home/abdel-rhman/Documents/Projects/Playstation/vendor/laravel/framework/src/Illuminate/Database/Connection.php:374
/home/abdel-rhman/Documents/Projects/Playstation/vendor/laravel/framework/src/Illuminate/Database/Schema/Builder.php:176
/home/abdel-rhman/Documents/Projects/Playstation/vendor/laravel/framework/src/Illuminate/Database/Migrations/DatabaseMigrationRepository.php:185
/home/abdel-rhman/Documents/Projects/Playstation/vendor/laravel/framework/src/Illuminate/Database/Migrations/Migrator.php:758
/home/abdel-rhman/Documents/Projects/Playstation/vendor/laravel/framework/src/Illuminate/Database/Console/Migrations/MigrateCommand.php:166
/home/abdel-rhman/Documents/Projects/Playstation/vendor/laravel/framework/src/Illuminate/Support/helpers.php:328
/home/abdel-rhman/Documents/Projects/Playstation/vendor/laravel/framework/src/Illuminate/Database/Console/Migrations/MigrateCommand.php:166
/home/abdel-rhman/Documents/Projects/Playstation/vendor/laravel/framework/src/Illuminate/Database/Console/Migrations/MigrateCommand.php:142
/home/abdel-rhman/Documents/Projects/Playstation/vendor/laravel/framework/src/Illuminate/Database/Console/Migrations/MigrateCommand.php:112
/home/abdel-rhman/Documents/Projects/Playstation/vendor/laravel/framework/src/Illuminate/Database/Migrations/Migrator.php:671
/home/abdel-rhman/Documents/Projects/Playstation/vendor/laravel/framework/src/Illuminate/Database/Console/Migrations/MigrateCommand.php:111
/home/abdel-rhman/Documents/Projects/Playstation/vendor/laravel/framework/src/Illuminate/Database/Console/Migrations/MigrateCommand.php:90
/home/abdel-rhman/Documents/Projects/Playstation/vendor/laravel/framework/src/Illuminate/Container/BoundMethod.php:36
/home/abdel-rhman/Documents/Projects/Playstation/vendor/laravel/framework/src/Illuminate/Container/Util.php:43
/home/abdel-rhman/Documents/Projects/Playstation/vendor/laravel/framework/src/Illuminate/Container/BoundMethod.php:96
/home/abdel-rhman/Documents/Projects/Playstation/vendor/laravel/framework/src/Illuminate/Container/BoundMethod.php:35
/home/abdel-rhman/Documents/Projects/Playstation/vendor/laravel/framework/src/Illuminate/Container/Container.php:799
/home/abdel-rhman/Documents/Projects/Playstation/vendor/laravel/framework/src/Illuminate/Console/Command.php:280
/home/abdel-rhman/Documents/Projects/Playstation/vendor/symfony/console/Command/Command.php:291
/home/abdel-rhman/Documents/Projects/Playstation/vendor/laravel/framework/src/Illuminate/Console/Command.php:249
/home/abdel-rhman/Documents/Projects/Playstation/vendor/laravel/framework/src/Illuminate/Console/Concerns/CallsCommands.php:68
/home/abdel-rhman/Documents/Projects/Playstation/vendor/laravel/framework/src/Illuminate/Console/Concerns/CallsCommands.php:29
/home/abdel-rhman/Documents/Projects/Playstation/vendor/laravel/framework/src/Illuminate/Database/Console/Migrations/FreshCommand.php:88
/home/abdel-rhman/Documents/Projects/Playstation/vendor/laravel/framework/src/Illuminate/Container/BoundMethod.php:36
/home/abdel-rhman/Documents/Projects/Playstation/vendor/laravel/framework/src/Illuminate/Container/Util.php:43
/home/abdel-rhman/Documents/Projects/Playstation/vendor/laravel/framework/src/Illuminate/Container/BoundMethod.php:96
/home/abdel-rhman/Documents/Projects/Playstation/vendor/laravel/framework/src/Illuminate/Container/BoundMethod.php:35
/home/abdel-rhman/Documents/Projects/Playstation/vendor/laravel/framework/src/Illuminate/Container/Container.php:799
/home/abdel-rhman/Documents/Projects/Playstation/vendor/laravel/framework/src/Illuminate/Console/Command.php:280
/home/abdel-rhman/Documents/Projects/Playstation/vendor/symfony/console/Command/Command.php:291
/home/abdel-rhman/Documents/Projects/Playstation/vendor/laravel/framework/src/Illuminate/Console/Command.php:249
/home/abdel-rhman/Documents/Projects/Playstation/vendor/symfony/console/Application.php:1084
/home/abdel-rhman/Documents/Projects/Playstation/vendor/symfony/console/Application.php:356
/home/abdel-rhman/Documents/Projects/Playstation/vendor/symfony/console/Application.php:195
/home/abdel-rhman/Documents/Projects/Playstation/vendor/laravel/framework/src/Illuminate/Console/Application.php:165
/home/abdel-rhman/Documents/Projects/Playstation/vendor/laravel/framework/src/Illuminate/Foundation/Console/Kernel.php:447
/home/abdel-rhman/Documents/Projects/Playstation/vendor/laravel/framework/src/Illuminate/Testing/PendingCommand.php:451
/home/abdel-rhman/Documents/Projects/Playstation/vendor/laravel/framework/src/Illuminate/Testing/PendingCommand.php:675
/home/abdel-rhman/Documents/Projects/Playstation/vendor/laravel/framework/src/Illuminate/Foundation/Testing/Concerns/InteractsWithConsole.php:87
/home/abdel-rhman/Documents/Projects/Playstation/vendor/laravel/framework/src/Illuminate/Foundation/Testing/RefreshDatabase.php:119
/home/abdel-rhman/Documents/Projects/Playstation/vendor/laravel/framework/src/Illuminate/Foundation/Testing/RefreshDatabase.php:84
/home/abdel-rhman/Documents/Projects/Playstation/vendor/laravel/framework/src/Illuminate/Foundation/Testing/RefreshDatabase.php:25
/home/abdel-rhman/Documents/Projects/Playstation/vendor/laravel/framework/src/Illuminate/Foundation/Testing/Concerns/InteractsWithTestCaseLifecycle.php:225
/home/abdel-rhman/Documents/Projects/Playstation/vendor/laravel/framework/src/Illuminate/Foundation/Testing/Concerns/InteractsWithTestCaseLifecycle.php:105
/home/abdel-rhman/Documents/Projects/Playstation/vendor/laravel/framework/src/Illuminate/Foundation/Testing/TestCase.php:75
/home/abdel-rhman/Documents/Projects/Playstation/tests/Feature/SessionPaymentWorkflowTest.php:24

[37;41mERRORS![0m
[37;41mTests: 1[0m[37;41m, Assertions: 0[0m[37;41m, Errors: 1[0m[37;41m.[0m
